Number of nodes and number of edges: 
Add 7 edges: 
|A| = 3, |B| = 2, |C| = 0