Number of nodes and number of edges: 
Add 5 edges: 
|A| = 0, |B| = 0, |C| = 4