Number of nodes and number of edges: 
Add 24 edges: 
|A| = 5, |B| = 4, |C| = 6